
═══════════════════════════════════════════════════════════════
  Adaptive Dispatch Runtime — TLS 1.3 Hybrid PQC Benchmark
  Micro-Architectural Variance Analysis Suite
═══════════════════════════════════════════════════════════════

┌─── Boot-Time Hardware Profile ────────────────────────────┐
│  Hostname:       fedora                                  │
│  Vendor:         Dell Inc.                               │
│  Virtualized:    NO (bare metal)                         │
│  Logical Cores:  12                                      │
│  Timestamp:      2026-09-28T19:57:00+0900                │
│  Exported:       host_profile.json                       │
└───────────────────────────────────────────────────────────┘

[Engine] Pre-warmed worker pool initialised (Core 1 pinned)

┌─── Core Affinity Verification (boot-time) ───────────────┐
│  Main Thread   → TID: 2068487  CPU Core: 0                │
│  Worker Thread → TID: 2068489  CPU Core: 1                │
│  Pinning:        ✔ VERIFIED (Core 0 ↔ Core 1)        │
└───────────────────────────────────────────────────────────┘

═══════════════════════════════════════════════════════════════
  Cipher Suite:    Hybrid: X25519 + ML-KEM-768
  Adaptive Route:  Sequential
  Iterations:      1000
  Role:            SERVER (ECDH_Derive || ML_KEM_Encapsulate)
═══════════════════════════════════════════════════════════════

  [Strict_Sequential] Running 1000 iterations... done (mean: 0.2611 ms)
  [Strict_Parallel] Running 1000 iterations... done (mean: 0.1913 ms)
  [Adaptive_Switch] Running 1000 iterations... done (mean: 0.2248 ms)

### Hybrid: X25519 + ML-KEM-768 — Latency Distribution (ms)

| Mode               | Mean       | p50        | p95        | p99        |
|:-------------------|:-----------|:-----------|:-----------|:-----------|
| Strict_Sequential  |     0.2611 |     0.2204 |     0.3606 |     0.3966 |
| Strict_Parallel    |     0.1913 |     0.1900 |     0.1961 |     0.2031 |
| Adaptive_Switch    |     0.2248 |     0.2192 |     0.2271 |     0.3849 |

─── Live Affinity Verification (during parallel exec) ──────
  Main Thread   → TID: 2068487   CPU Core: 0
  Worker Thread → TID: 2068489   CPU Core: 1
  Status:         ✔ VERIFIED — Core 0 ↔ Core 1 pinning active
────────────────────────────────────────────────────────────

═══════════════════════════════════════════════════════════════
  Cipher Suite:    Hybrid: SecP256r1 + ML-KEM-768
  Adaptive Route:  Parallel
  Iterations:      1000
  Role:            SERVER (ECDH_Derive || ML_KEM_Encapsulate)
═══════════════════════════════════════════════════════════════

  [Strict_Sequential] Running 1000 iterations... done (mean: 0.2965 ms)
  [Strict_Parallel] Running 1000 iterations... done (mean: 0.2676 ms)
  [Adaptive_Switch] Running 1000 iterations... done (mean: 0.2712 ms)

### Hybrid: SecP256r1 + ML-KEM-768 — Latency Distribution (ms)

| Mode               | Mean       | p50        | p95        | p99        |
|:-------------------|:-----------|:-----------|:-----------|:-----------|
| Strict_Sequential  |     0.2965 |     0.2918 |     0.3082 |     0.4278 |
| Strict_Parallel    |     0.2676 |     0.2650 |     0.2754 |     0.2901 |
| Adaptive_Switch    |     0.2712 |     0.2657 |     0.2817 |     0.3661 |

─── Live Affinity Verification (during parallel exec) ──────
  Main Thread   → TID: 2068487   CPU Core: 0
  Worker Thread → TID: 2068489   CPU Core: 1
  Status:         ✔ VERIFIED — Core 0 ↔ Core 1 pinning active
────────────────────────────────────────────────────────────

═══════════════════════════════════════════════════════════════
  Cipher Suite:    Hybrid: SecP384r1 + ML-KEM-1024
  Adaptive Route:  Parallel
  Iterations:      1000
  Role:            SERVER (ECDH_Derive || ML_KEM_Encapsulate)
═══════════════════════════════════════════════════════════════

  [Strict_Sequential] Running 1000 iterations... done (mean: 1.7643 ms)
  [Strict_Parallel] Running 1000 iterations... done (mean: 1.7393 ms)
  [Adaptive_Switch] Running 1000 iterations... done (mean: 1.7371 ms)

### Hybrid: SecP384r1 + ML-KEM-1024 — Latency Distribution (ms)

| Mode               | Mean       | p50        | p95        | p99        |
|:-------------------|:-----------|:-----------|:-----------|:-----------|
| Strict_Sequential  |     1.7643 |     1.7483 |     1.7948 |     2.3013 |
| Strict_Parallel    |     1.7393 |     1.7059 |     1.7468 |     2.9514 |
| Adaptive_Switch    |     1.7371 |     1.7068 |     1.7505 |     2.1131 |

─── Live Affinity Verification (during parallel exec) ──────
  Main Thread   → TID: 2068487   CPU Core: 0
  Worker Thread → TID: 2068489   CPU Core: 1
  Status:         ✔ VERIFIED — Core 0 ↔ Core 1 pinning active
────────────────────────────────────────────────────────────

═══════════════════════════════════════════════════════════════
  Cipher Suite:    Hybrid: SecP384r1 + FrodoKEM-1344
  Adaptive Route:  Parallel
  Iterations:      1000
  Role:            SERVER (ECDH_Derive || ML_KEM_Encapsulate)
═══════════════════════════════════════════════════════════════

  [Strict_Sequential] Running 1000 iterations... done (mean: 6.1129 ms)
  [Strict_Parallel] Running 1000 iterations... done (mean: 4.4472 ms)
  [Adaptive_Switch] Running 1000 iterations... done (mean: 4.4614 ms)

### Hybrid: SecP384r1 + FrodoKEM-1344 — Latency Distribution (ms)

| Mode               | Mean       | p50        | p95        | p99        |
|:-------------------|:-----------|:-----------|:-----------|:-----------|
| Strict_Sequential  |     6.1129 |     6.0590 |     6.2250 |     6.9082 |
| Strict_Parallel    |     4.4472 |     4.4170 |     4.5263 |     5.0249 |
| Adaptive_Switch    |     4.4614 |     4.4153 |     4.6181 |     5.5983 |

─── Live Affinity Verification (during parallel exec) ──────
  Main Thread   → TID: 2068487   CPU Core: 0
  Worker Thread → TID: 2068489   CPU Core: 1
  Status:         ✔ VERIFIED — Core 0 ↔ Core 1 pinning active
────────────────────────────────────────────────────────────

═══════════════════════════════════════════════════════════════
  Cipher Suite:    Hybrid: SecP384r1 + BIKE-L5
  Adaptive Route:  Parallel
  Iterations:      1000
  Role:            SERVER (ECDH_Derive || ML_KEM_Encapsulate)
═══════════════════════════════════════════════════════════════

  [Strict_Sequential] Running 1000 iterations... done (mean: 4.2430 ms)
  [Strict_Parallel] Running 1000 iterations... done (mean: 2.6010 ms)
  [Adaptive_Switch] Running 1000 iterations... done (mean: 2.5961 ms)

### Hybrid: SecP384r1 + BIKE-L5 — Latency Distribution (ms)

| Mode               | Mean       | p50        | p95        | p99        |
|:-------------------|:-----------|:-----------|:-----------|:-----------|
| Strict_Sequential  |     4.2430 |     4.2195 |     4.3223 |     4.8336 |
| Strict_Parallel    |     2.6010 |     2.5849 |     2.6270 |     3.0088 |
| Adaptive_Switch    |     2.5961 |     2.5841 |     2.6556 |     2.8664 |

─── Live Affinity Verification (during parallel exec) ──────
  Main Thread   → TID: 2068487   CPU Core: 0
  Worker Thread → TID: 2068489   CPU Core: 1
  Status:         ✔ VERIFIED — Core 0 ↔ Core 1 pinning active
────────────────────────────────────────────────────────────

[✔] Results exported → benchmark_results.json

[Engine] Worker pool shut down
[✔] Adaptive Dispatch Runtime — Benchmark suite complete.

