
═══════════════════════════════════════════════════════════════
  End-to-End TLS 1.3 Hybrid PQC Benchmark
  Adaptive Dispatch Runtime — Network Handshake Edition
═══════════════════════════════════════════════════════════════
  Server:     127.0.0.1:4444
  Iterations: 300
  KDF:        sha256
═══════════════════════════════════════════════════════════════

[Client] Hostname: fedora | Cores: 12 | VM: NO

═══════════════════════════════════════════════════════════════
  Cipher Suite:     Hybrid: X25519 + ML-KEM-768
  KDF:              sha256
  Adaptive Route:   Sequential
  Iterations:       300
═══════════════════════════════════════════════════════════════

  [Strict_Sequential] Running 300 handshakes... done (mean: 2.5128 ms)
  [Strict_Parallel] Running 300 handshakes... done (mean: 2.5694 ms)
  [Adaptive_Switch] Running 300 handshakes... done (mean: 2.5218 ms)

### Hybrid: X25519 + ML-KEM-768 — E2E Latency Distribution (ms)

| Mode               | Mean       | p50        | p95        | p99        |
|:-------------------|:-----------|:-----------|:-----------|:-----------|
| Strict_Sequential  |     2.5128 |     2.4965 |     2.5876 |     3.1848 |
| Strict_Parallel    |     2.5694 |     2.5673 |     2.7098 |     2.9507 |
| Adaptive_Switch    |     2.5218 |     2.5145 |     2.5976 |     2.9003 |

═══════════════════════════════════════════════════════════════
  Cipher Suite:     Hybrid: SecP256r1 + ML-KEM-768
  KDF:              sha256
  Adaptive Route:   Parallel
  Iterations:       300
═══════════════════════════════════════════════════════════════

  [Strict_Sequential] Running 300 handshakes... done (mean: 2.9855 ms)
  [Strict_Parallel] Running 300 handshakes... done (mean: 2.9906 ms)
  [Adaptive_Switch] Running 300 handshakes... done (mean: 2.9624 ms)

### Hybrid: SecP256r1 + ML-KEM-768 — E2E Latency Distribution (ms)

| Mode               | Mean       | p50        | p95        | p99        |
|:-------------------|:-----------|:-----------|:-----------|:-----------|
| Strict_Sequential  |     2.9855 |     2.9347 |     3.6526 |     3.8998 |
| Strict_Parallel    |     2.9906 |     2.9776 |     3.0845 |     3.5245 |
| Adaptive_Switch    |     2.9624 |     2.9593 |     3.0401 |     3.2655 |

═══════════════════════════════════════════════════════════════
  Cipher Suite:     Hybrid: SecP384r1 + ML-KEM-1024
  KDF:              sha256
  Adaptive Route:   Parallel
  Iterations:       300
═══════════════════════════════════════════════════════════════

  [Strict_Sequential] Running 300 handshakes... done (mean: 6.2919 ms)
  [Strict_Parallel] Running 300 handshakes... done (mean: 6.1785 ms)
  [Adaptive_Switch] Running 300 handshakes... done (mean: 6.1712 ms)

### Hybrid: SecP384r1 + ML-KEM-1024 — E2E Latency Distribution (ms)

| Mode               | Mean       | p50        | p95        | p99        |
|:-------------------|:-----------|:-----------|:-----------|:-----------|
| Strict_Sequential  |     6.2919 |     6.1556 |     7.6326 |     8.3979 |
| Strict_Parallel    |     6.1785 |     6.1319 |     6.4213 |     7.6270 |
| Adaptive_Switch    |     6.1712 |     6.1323 |     6.4289 |     6.8412 |

═══════════════════════════════════════════════════════════════
  Cipher Suite:     Hybrid: SecP384r1 + FrodoKEM-1344
  KDF:              sha256
  Adaptive Route:   Parallel
  Iterations:       300
═══════════════════════════════════════════════════════════════

  [Strict_Sequential] Running 300 handshakes... done (mean: 42.1192 ms)
  [Strict_Parallel] Running 300 handshakes... done (mean: 41.0478 ms)
  [Adaptive_Switch] Running 300 handshakes... done (mean: 40.8907 ms)

### Hybrid: SecP384r1 + FrodoKEM-1344 — E2E Latency Distribution (ms)

| Mode               | Mean       | p50        | p95        | p99        |
|:-------------------|:-----------|:-----------|:-----------|:-----------|
| Strict_Sequential  |    42.1192 |    41.5771 |    43.4673 |    53.9456 |
| Strict_Parallel    |    41.0478 |    40.6296 |    42.3473 |    50.9440 |
| Adaptive_Switch    |    40.8907 |    40.5324 |    41.9168 |    50.3840 |

═══════════════════════════════════════════════════════════════
  Cipher Suite:     Hybrid: SecP384r1 + BIKE-L5
  KDF:              sha256
  Adaptive Route:   Parallel
  Iterations:       300
═══════════════════════════════════════════════════════════════

  [Strict_Sequential] Running 300 handshakes... done (mean: 21.5378 ms)
  [Strict_Parallel] Running 300 handshakes... done (mean: 21.3942 ms)
  [Adaptive_Switch] Running 300 handshakes... 